{
    "Test scenario: all reference-based + wgbstools": {
        "content": [
            55,
            "combined_results.csv:md5,630cc998dcb1a8370b7b26fbd6451d08"
        ],
        "meta": {
            "nf-test": "0.9.0",
            "nextflow": "24.04.4"
        },
        "timestamp": "2025-10-28T15:56:25.671532"
    }
}