{
    "Test scenario: all reference-based + limma": {
        "content": [
            55,
            "combined_results.csv:md5,2a91b9258bf3112881fe7b0906e29ef4"
        ],
        "meta": {
            "nf-test": "0.9.0",
            "nextflow": "24.04.4"
        },
        "timestamp": "2025-10-28T15:48:47.083462"
    }
}