{
    "Should run without failures": {
        "content": [
            {
                "0": [
                    "lung_1_sample_celfie_mix.csv:md5,8bcb89bda71367de8cec825a8e4492a5"
                ],
                "filt_celfie_sample": [
                    "lung_1_sample_celfie_mix.csv:md5,8bcb89bda71367de8cec825a8e4492a5"
                ]
            }
        ],
        "meta": {
            "nf-test": "0.9.0",
            "nextflow": "24.04.4"
        },
        "timestamp": "2025-10-13T16:11:18.868968"
    }
}