{
    "Should run without failures": {
        "content": [
            {
                "0": [
                    "blocks.bed:md5,19135b33b0f2d33d86f0504a0b76cdf3",
                    "blocks.bed:md5,1c01f1f9d4ad4878a02c817f72ef002b",
                    "blocks.bed:md5,33c9352b6a23d714d452a5b98e9e98e6",
                    "blocks.bed:md5,a364e0f5ebc64dea93d73d60f731355d",
                    "blocks.bed:md5,af0848edea144987716362ccd4d896be",
                    "blocks.bed:md5,b6d9f6a057514ca67073d9c9b563aa15",
                    "blocks.bed:md5,fc7e9f7d36184b8954d2b8475fc27434",
                    "blocks.bed:md5,fd6c239a530b2dde9c060d2a7deffc4c"
                ],
                "blocks": [
                    "blocks.bed:md5,19135b33b0f2d33d86f0504a0b76cdf3",
                    "blocks.bed:md5,1c01f1f9d4ad4878a02c817f72ef002b",
                    "blocks.bed:md5,33c9352b6a23d714d452a5b98e9e98e6",
                    "blocks.bed:md5,a364e0f5ebc64dea93d73d60f731355d",
                    "blocks.bed:md5,af0848edea144987716362ccd4d896be",
                    "blocks.bed:md5,b6d9f6a057514ca67073d9c9b563aa15",
                    "blocks.bed:md5,fc7e9f7d36184b8954d2b8475fc27434",
                    "blocks.bed:md5,fd6c239a530b2dde9c060d2a7deffc4c"
                ]
            }
        ],
        "meta": {
            "nf-test": "0.9.0",
            "nextflow": "24.04.4"
        },
        "timestamp": "2025-10-13T21:46:21.426232"
    }
}